=== sgrk on R2R/noc_router_r2r (40 tests, timeout=5400s) ===
  noc_router_r2r_1_1.sgrk: 0.057s  Realizable
  noc_router_r2r_1_2.sgrk: 0.209s  Realizable
  noc_router_r2r_1_3.sgrk: 0.807s  Realizable
  noc_router_r2r_1_4.sgrk: 2.736s  Realizable
  noc_router_r2r_2_1.sgrk: 0.121s  Realizable
  noc_router_r2r_2_2.sgrk: 0.694s  Realizable
  noc_router_r2r_2_3.sgrk: 2.644s  Realizable
  noc_router_r2r_2_4.sgrk: 26.706s  Realizable
  noc_router_r2r_3_1.sgrk: 0.321s  Realizable
  noc_router_r2r_3_2.sgrk: 2.768s  Realizable
  noc_router_r2r_3_3.sgrk: 26.749s  Realizable
  noc_router_r2r_3_4.sgrk: 140.769s  Realizable
  noc_router_r2r_4_1.sgrk: 0.487s  Realizable
  noc_router_r2r_4_2.sgrk: 25.183s  Realizable
  noc_router_r2r_4_3.sgrk: 324.409s  Realizable
  noc_router_r2r_4_4.sgrk: 4567.234s  Realizable
  noc_router_r2r_5_1.sgrk: 1.036s  Realizable
  noc_router_r2r_5_2.sgrk: 46.274s  Realizable
  noc_router_r2r_5_3.sgrk: 1788.946s  Realizable
  noc_router_r2r_5_4.sgrk: TIMEOUT
  noc_router_r2r_6_1.sgrk: SKIPPED (cascade)
  noc_router_r2r_6_2.sgrk: SKIPPED (cascade)
  noc_router_r2r_6_3.sgrk: SKIPPED (cascade)
  noc_router_r2r_6_4.sgrk: SKIPPED (cascade)
  noc_router_r2r_7_1.sgrk: SKIPPED (cascade)
  noc_router_r2r_7_2.sgrk: SKIPPED (cascade)
  noc_router_r2r_7_3.sgrk: SKIPPED (cascade)
  noc_router_r2r_7_4.sgrk: SKIPPED (cascade)
  noc_router_r2r_8_1.sgrk: SKIPPED (cascade)
  noc_router_r2r_8_2.sgrk: SKIPPED (cascade)
  noc_router_r2r_8_3.sgrk: SKIPPED (cascade)
  noc_router_r2r_8_4.sgrk: SKIPPED (cascade)
  noc_router_r2r_9_1.sgrk: SKIPPED (cascade)
  noc_router_r2r_9_2.sgrk: SKIPPED (cascade)
  noc_router_r2r_9_3.sgrk: SKIPPED (cascade)
  noc_router_r2r_9_4.sgrk: SKIPPED (cascade)
  noc_router_r2r_10_1.sgrk: SKIPPED (cascade)
  noc_router_r2r_10_2.sgrk: SKIPPED (cascade)
  noc_router_r2r_10_3.sgrk: SKIPPED (cascade)
  noc_router_r2r_10_4.sgrk: SKIPPED (cascade)
=== Done: sgrk on R2R/noc_router_r2r ===
Results: /RG/rg-fried/avitalpa/separation-grk/benchmarks/R2R/noc_router_r2r//runtime
